"about" => "public_data",
"addresses" => "public_data",
"application" => "",
"classifieds" => "public_data",
"composers" => "public_data",
"concerts" => "public_data",
"contests" => "public_data",
"countries" => "reference_data",
"courses" => "public_data",
"custom_info_mail" => "member_data",
"distinctions" => "public_data",
"ensemble_concerts" => "public_data",
"ensembles" => "public_data",
"festivals" => "public_data",
"functions" => "public_data",
"honor_members" => "public_data",
"member_account_bookings" => "member_data",
"member_events" => "member_data",
"member_report" => "member_data",
"orchestra_contacts" => "member_data",
"orchestra_members" => "member_data",
"orchestras" => "member_data",
"person_members" => "member_data",
"regional_organization_bookings" => "reference_data",
"regional_organizations" => "reference_data",
"report_sheets" => "member_data",
"states" => "reference_data",
"tariffs" => "reference_data",
"universities" => "public_data",
"uploads" => "member_data",
"url_categories" => "public_data",
"urls" => "public_data",
"users" => "admin_data" }
